2026-07-26 15:20:16,486 | INFO | SCOOBA boot sequence started.
2026-07-26 15:20:16,487 | INFO | SCOOBA is now waiting for commands.
2026-07-26 15:28:25,009 | INFO | SCOOBA boot sequence started.
2026-07-26 15:28:25,018 | INFO | SCOOBA is now waiting for commands.
2026-07-26 15:31:21,454 | INFO | SCOOBA boot sequence started.
2026-07-26 15:31:21,456 | INFO | SCOOBA is now waiting for commands.
2026-07-26 15:34:50,258 | INFO | SCOOBA boot sequence started.
2026-07-26 15:34:50,258 | INFO | Logger Service Started
2026-07-26 15:34:50,259 | INFO | SCOOBA is now waiting for commands.
2026-07-26 15:38:03,030 | INFO | SCOOBA boot sequence started.
2026-07-26 15:38:03,030 | INFO | Starting registered services...
2026-07-26 15:38:03,030 | INFO | Starting Logger Service...
2026-07-26 15:38:03,030 | INFO | Logger Service Started
2026-07-26 15:38:03,031 | INFO | SCOOBA is now waiting for commands.
2026-07-26 15:39:54,239 | INFO | SCOOBA boot sequence started.
2026-07-26 15:39:54,240 | INFO | Starting registered services...
2026-07-26 15:39:54,241 | INFO | Starting Logger Service...
2026-07-26 15:39:54,241 | INFO | Logger Service Started
2026-07-26 15:39:54,241 | INFO | SCOOBA is now waiting for commands.
2026-07-26 15:45:31,234 | INFO | SCOOBA boot sequence started.
2026-07-26 15:45:31,234 | INFO | Starting registered services...
2026-07-26 15:45:31,234 | INFO | Starting Logger Service...
2026-07-26 15:45:31,235 | INFO | Logger Service Started
2026-07-26 15:45:36,059 | INFO | SCOOBA is now waiting for commands.
2026-07-26 15:51:05,785 | INFO | SCOOBA boot sequence started.
2026-07-26 15:51:05,785 | INFO | Starting registered services...
2026-07-26 15:51:05,786 | INFO | Starting Logger Service...
2026-07-26 15:51:05,786 | INFO | Logger Service Started
2026-07-26 15:51:10,477 | INFO | SCOOBA is now waiting for commands.
2026-07-26 15:53:59,868 | INFO | SCOOBA boot sequence started.
2026-07-26 15:53:59,868 | INFO | Starting registered services...
2026-07-26 15:53:59,868 | INFO | Starting Logger Service...
2026-07-26 15:53:59,869 | INFO | Logger Service Started
2026-07-26 15:54:18,166 | INFO | SCOOBA is now waiting for commands.
2026-07-26 15:56:48,527 | INFO | SCOOBA boot sequence started.
2026-07-26 15:56:48,527 | INFO | Starting registered services...
2026-07-26 15:56:48,527 | INFO | Starting Logger Service...
2026-07-26 15:56:48,527 | INFO | Logger Service Started
2026-07-26 15:57:07,993 | INFO | SCOOBA is now waiting for commands.
2026-07-26 16:03:22,781 | INFO | SCOOBA boot sequence started.
2026-07-26 16:03:22,781 | INFO | Starting registered services...
2026-07-26 16:03:22,782 | INFO | Starting Logger Service...
2026-07-26 16:03:22,782 | INFO | Logger Service Started
2026-07-26 16:03:43,944 | INFO | SCOOBA is now waiting for commands.
2026-07-26 16:17:08,503 | INFO | SCOOBA State -> BOOTING
2026-07-26 16:17:08,503 | INFO | SCOOBA boot sequence started.
2026-07-26 16:17:08,503 | INFO | Starting registered services...
2026-07-26 16:17:08,504 | INFO | Starting Logger Service...
2026-07-26 16:17:08,504 | INFO | Logger Service Started
2026-07-26 16:17:08,504 | INFO | SCOOBA State -> SPEAKING
2026-07-26 16:17:13,128 | INFO | SCOOBA State -> READY
2026-07-26 16:17:28,211 | INFO | SCOOBA State -> READY
2026-07-26 16:17:28,211 | INFO | SCOOBA is now waiting for commands.
2026-07-26 17:19:25,235 | INFO | SCOOBA State -> BOOTING
2026-07-26 17:19:25,235 | INFO | SCOOBA boot sequence started.
2026-07-26 17:19:25,235 | INFO | Starting registered services...
2026-07-26 17:19:25,235 | INFO | Starting Logger Service...
2026-07-26 17:19:25,235 | INFO | Logger Service Started
2026-07-26 17:19:25,236 | INFO | SCOOBA State -> SPEAKING
2026-07-26 17:19:29,819 | INFO | SCOOBA State -> READY
2026-07-26 17:19:29,820 | INFO | SCOOBA State -> READY
2026-07-26 17:19:29,820 | INFO | SCOOBA is now waiting for commands.
2026-07-26 17:25:29,801 | INFO | SCOOBA State -> BOOTING
2026-07-26 17:25:29,802 | INFO | SCOOBA boot sequence started.
2026-07-26 17:25:29,802 | INFO | Starting registered services...
2026-07-26 17:25:29,802 | INFO | Starting Logger Service...
2026-07-26 17:25:29,802 | INFO | Logger Service Started
2026-07-26 17:25:29,802 | INFO | SCOOBA State -> SPEAKING
2026-07-26 17:25:34,382 | INFO | SCOOBA State -> READY
2026-07-26 17:25:34,384 | INFO | SCOOBA State -> LISTENING
2026-07-26 17:25:34,384 | INFO | SCOOBA State -> READY
2026-07-26 17:25:34,384 | INFO | SCOOBA is now waiting for commands.
2026-07-26 17:38:41,205 | INFO | Could not import comtypes.gen, trying to create it.
2026-07-26 17:38:41,206 | INFO | Created comtypes.gen directory: 'C:\Users\sachi\SCOOBA\.venv\Lib\site-packages\comtypes\gen'
2026-07-26 17:38:41,206 | INFO | Writing __init__.py file: 'C:\Users\sachi\SCOOBA\.venv\Lib\site-packages\comtypes\gen\__init__.py'
2026-07-26 17:38:41,222 | INFO | Using writeable comtypes cache directory: 'C:\Users\sachi\SCOOBA\.venv\Lib\site-packages\comtypes\gen'
2026-07-26 17:38:41,228 | INFO | Could not import comtypes.gen._C866CA3A_32F7_11D2_9602_00C04F8EE628_0_5_4: No module named 'comtypes.gen._C866CA3A_32F7_11D2_9602_00C04F8EE628_0_5_4'
2026-07-26 17:38:41,232 | INFO | # Generating comtypes.gen._C866CA3A_32F7_11D2_9602_00C04F8EE628_0_5_4
2026-07-26 17:38:41,292 | INFO | # Generating comtypes.gen.SpeechLib
2026-07-26 17:38:41,298 | INFO | Could not import comtypes.gen._00020430_0000_0000_C000_000000000046_0_2_0: No module named 'comtypes.gen._00020430_0000_0000_C000_000000000046_0_2_0'
2026-07-26 17:38:41,299 | INFO | # Generating comtypes.gen._00020430_0000_0000_C000_000000000046_0_2_0
2026-07-26 17:38:41,304 | INFO | # Generating comtypes.gen.stdole
2026-07-26 17:38:41,623 | INFO | SCOOBA State -> BOOTING
2026-07-26 17:38:41,624 | INFO | SCOOBA boot sequence started.
2026-07-26 17:38:41,624 | INFO | Starting registered services...
2026-07-26 17:38:41,624 | INFO | Starting Logger Service...
2026-07-26 17:38:41,624 | INFO | Logger Service Started
2026-07-26 17:38:41,624 | INFO | SCOOBA State -> SPEAKING
2026-07-26 17:38:46,027 | INFO | SCOOBA State -> READY
2026-07-26 17:38:46,029 | INFO | SCOOBA State -> LISTENING
2026-07-26 17:38:46,030 | INFO | SCOOBA State -> READY
2026-07-26 17:38:46,031 | INFO | SCOOBA is now waiting for commands.
2026-07-26 18:41:38,861 | INFO | Imported existing <module 'comtypes.gen' from 'C:\\Users\\sachi\\SCOOBA\\.venv\\Lib\\site-packages\\comtypes\\gen\\__init__.py'>
2026-07-26 18:41:38,862 | INFO | Using writeable comtypes cache directory: 'C:\Users\sachi\SCOOBA\.venv\Lib\site-packages\comtypes\gen'
2026-07-26 18:41:39,582 | INFO | SCOOBA State -> BOOTING
2026-07-26 18:41:39,582 | INFO | SCOOBA boot sequence started.
2026-07-26 18:41:39,582 | INFO | Starting registered services...
2026-07-26 18:41:39,583 | INFO | Starting Logger Service...
2026-07-26 18:41:39,583 | INFO | Logger Service Started
2026-07-26 18:41:39,583 | INFO | SCOOBA State -> SPEAKING
2026-07-26 18:41:43,536 | INFO | SCOOBA State -> READY
2026-07-26 18:41:43,539 | INFO | SCOOBA State -> LISTENING
2026-07-26 18:41:48,029 | INFO | SCOOBA State -> READY
2026-07-26 18:41:48,030 | INFO | SCOOBA is now waiting for commands.
2026-07-26 18:50:08,922 | INFO | Imported existing <module 'comtypes.gen' from 'C:\\Users\\sachi\\SCOOBA\\.venv\\Lib\\site-packages\\comtypes\\gen\\__init__.py'>
2026-07-26 18:50:08,923 | INFO | Using writeable comtypes cache directory: 'C:\Users\sachi\SCOOBA\.venv\Lib\site-packages\comtypes\gen'
2026-07-26 18:50:09,360 | INFO | SCOOBA State -> BOOTING
2026-07-26 18:50:09,360 | INFO | SCOOBA boot sequence started.
2026-07-26 18:50:09,360 | INFO | Starting registered services...
2026-07-26 18:50:09,360 | INFO | Starting Logger Service...
2026-07-26 18:50:09,360 | INFO | Logger Service Started
2026-07-26 18:50:09,360 | INFO | SCOOBA State -> SPEAKING
2026-07-26 18:50:13,558 | INFO | SCOOBA State -> READY
2026-07-26 18:50:13,561 | INFO | SCOOBA State -> LISTENING
2026-07-26 18:50:17,587 | INFO | SCOOBA State -> READY
2026-07-26 18:50:17,587 | INFO | SCOOBA is now waiting for commands.
2026-07-26 18:53:10,005 | INFO | SCOOBA State -> BOOTING
2026-07-26 18:53:10,005 | INFO | SCOOBA boot sequence started.
2026-07-26 18:53:10,006 | INFO | Starting registered services...
2026-07-26 18:53:10,006 | INFO | Starting Logger Service...
2026-07-26 18:53:10,006 | INFO | Logger Service Started
2026-07-26 18:53:10,006 | INFO | SCOOBA State -> SPEAKING
2026-07-26 18:58:28,503 | INFO | SCOOBA State -> BOOTING
2026-07-26 18:58:28,504 | INFO | SCOOBA boot sequence started.
2026-07-26 18:58:28,504 | INFO | Starting registered services...
2026-07-26 18:58:28,504 | INFO | Starting Logger Service...
2026-07-26 18:58:28,504 | INFO | Logger Service Started
2026-07-26 18:58:28,505 | INFO | SCOOBA State -> SPEAKING
2026-07-26 18:58:36,236 | INFO | SCOOBA State -> READY
2026-07-26 18:58:36,239 | INFO | SCOOBA State -> LISTENING
2026-07-26 18:58:42,769 | INFO | SCOOBA State -> READY
2026-07-26 18:58:42,770 | INFO | SCOOBA is now waiting for commands.
2026-07-26 19:05:06,599 | INFO | SCOOBA State -> BOOTING
2026-07-26 19:05:06,600 | INFO | SCOOBA boot sequence started.
2026-07-26 19:05:06,600 | INFO | Starting registered services...
2026-07-26 19:05:06,600 | INFO | Starting Logger Service...
2026-07-26 19:05:06,601 | INFO | Logger Service Started
2026-07-26 19:05:06,601 | INFO | SCOOBA State -> SPEAKING
2026-07-26 19:05:10,455 | INFO | SCOOBA State -> READY
2026-07-26 19:05:10,459 | INFO | SCOOBA State -> LISTENING
2026-07-26 19:05:13,980 | INFO | SCOOBA State -> READY
2026-07-26 19:05:13,981 | INFO | SCOOBA State -> SPEAKING
2026-07-26 19:05:16,069 | INFO | SCOOBA State -> READY
2026-07-26 19:05:16,070 | INFO | SCOOBA State -> LISTENING
2026-07-26 19:05:20,091 | INFO | SCOOBA State -> READY
2026-07-26 19:05:20,091 | INFO | SCOOBA State -> SPEAKING
2026-07-26 19:05:22,460 | INFO | SCOOBA State -> READY
2026-07-26 19:05:22,461 | INFO | SCOOBA State -> LISTENING
2026-07-26 19:05:26,493 | INFO | SCOOBA State -> READY
2026-07-26 19:05:26,493 | INFO | SCOOBA State -> SPEAKING
2026-07-26 19:05:29,102 | INFO | SCOOBA State -> READY
2026-07-26 19:05:29,102 | INFO | SCOOBA State -> LISTENING
2026-07-26 19:05:33,660 | INFO | SCOOBA State -> READY
2026-07-26 19:05:33,660 | INFO | SCOOBA State -> SPEAKING
2026-07-26 19:05:37,235 | INFO | SCOOBA State -> READY
2026-07-26 19:05:37,236 | INFO | SCOOBA State -> LISTENING
2026-07-26 19:05:41,772 | INFO | SCOOBA State -> READY
2026-07-26 19:05:41,773 | INFO | SCOOBA State -> SPEAKING
2026-07-26 19:05:44,009 | INFO | SCOOBA State -> READY
2026-07-26 19:05:44,010 | INFO | SCOOBA State -> LISTENING
2026-07-26 19:05:48,538 | INFO | SCOOBA State -> READY
2026-07-26 19:05:48,539 | INFO | SCOOBA State -> SPEAKING
2026-07-26 19:05:51,279 | INFO | SCOOBA State -> READY
2026-07-26 19:05:51,279 | INFO | SCOOBA State -> LISTENING
2026-07-26 19:05:55,782 | INFO | SCOOBA State -> READY
2026-07-26 19:05:55,783 | INFO | SCOOBA State -> SPEAKING
2026-07-26 19:05:58,697 | INFO | SCOOBA State -> READY
2026-07-26 19:05:58,698 | INFO | SCOOBA State -> LISTENING
2026-07-26 19:06:03,690 | INFO | SCOOBA State -> READY
2026-07-26 19:06:03,690 | INFO | SCOOBA State -> SPEAKING
2026-07-26 19:06:06,111 | INFO | SCOOBA State -> READY
2026-07-26 19:06:06,111 | INFO | SCOOBA State -> LISTENING
2026-07-26 19:15:28,896 | INFO | SCOOBA State -> BOOTING
2026-07-26 19:15:28,896 | INFO | SCOOBA boot sequence started.
2026-07-26 19:15:28,896 | INFO | Starting registered services...
2026-07-26 19:15:28,897 | INFO | Starting Logger Service...
2026-07-26 19:15:28,897 | INFO | Logger Service Started
2026-07-26 19:15:28,897 | INFO | SCOOBA State -> SPEAKING
2026-07-26 19:15:32,583 | INFO | SCOOBA State -> READY
2026-07-26 19:15:32,587 | INFO | SCOOBA State -> LISTENING
2026-07-26 19:15:35,514 | INFO | SCOOBA State -> READY
2026-07-26 19:15:35,514 | INFO | SCOOBA State -> SPEAKING
2026-07-26 19:15:37,942 | INFO | SCOOBA State -> READY
2026-07-26 19:15:37,943 | INFO | SCOOBA State -> LISTENING
2026-07-26 19:15:41,398 | INFO | SCOOBA State -> READY
2026-07-26 19:15:41,398 | INFO | SCOOBA State -> SPEAKING
2026-07-26 19:15:43,907 | INFO | SCOOBA State -> READY
2026-07-26 19:15:43,907 | INFO | SCOOBA State -> LISTENING
2026-07-26 19:15:47,818 | INFO | SCOOBA State -> READY
2026-07-26 19:15:47,819 | INFO | SCOOBA State -> SPEAKING
2026-07-26 19:15:50,690 | INFO | SCOOBA State -> READY
2026-07-26 19:15:50,691 | INFO | SCOOBA State -> LISTENING
2026-07-26 19:15:56,192 | INFO | SCOOBA State -> READY
2026-07-26 19:15:56,192 | INFO | SCOOBA State -> SPEAKING
2026-07-26 19:15:58,905 | INFO | SCOOBA State -> READY
2026-07-26 19:15:58,905 | INFO | SCOOBA State -> LISTENING
2026-07-26 19:16:03,364 | INFO | SCOOBA State -> READY
2026-07-26 19:16:03,364 | INFO | SCOOBA State -> SPEAKING
2026-07-26 19:16:05,586 | INFO | SCOOBA State -> READY
2026-07-26 19:16:05,587 | INFO | SCOOBA State -> LISTENING
2026-07-26 19:16:11,030 | INFO | SCOOBA State -> READY
2026-07-26 19:16:11,031 | INFO | SCOOBA State -> SPEAKING
2026-07-26 19:16:13,529 | INFO | SCOOBA State -> READY
2026-07-26 19:16:13,529 | INFO | SCOOBA State -> LISTENING
2026-07-26 19:16:16,941 | INFO | SCOOBA interrupted by user.
2026-07-26 19:18:28,455 | INFO | SCOOBA State -> BOOTING
2026-07-26 19:18:28,456 | INFO | SCOOBA boot sequence started.
2026-07-26 19:18:28,456 | INFO | Starting registered services...
2026-07-26 19:18:28,456 | INFO | Starting Logger Service...
2026-07-26 19:18:28,456 | INFO | Logger Service Started
2026-07-26 19:18:28,457 | INFO | SCOOBA State -> SPEAKING
2026-07-26 19:18:32,289 | INFO | SCOOBA State -> READY
2026-07-26 19:18:32,292 | INFO | SCOOBA State -> LISTENING
2026-07-26 19:18:36,784 | INFO | SCOOBA State -> READY
2026-07-26 19:18:36,785 | INFO | SCOOBA State -> SPEAKING
2026-07-26 19:18:39,137 | INFO | SCOOBA State -> READY
2026-07-26 19:18:39,137 | INFO | SCOOBA State -> LISTENING
2026-07-26 19:18:43,615 | INFO | SCOOBA State -> READY
2026-07-26 19:18:43,615 | INFO | SCOOBA State -> SPEAKING
2026-07-26 19:18:45,871 | INFO | SCOOBA State -> READY
2026-07-26 19:18:45,871 | INFO | SCOOBA State -> LISTENING
2026-07-26 19:18:49,889 | INFO | SCOOBA State -> READY
2026-07-26 19:18:49,890 | INFO | SCOOBA State -> SPEAKING
2026-07-26 19:18:52,182 | INFO | SCOOBA State -> READY
2026-07-26 19:18:52,182 | INFO | SCOOBA State -> LISTENING
2026-07-26 19:18:55,681 | INFO | SCOOBA State -> READY
2026-07-26 19:18:55,682 | INFO | SCOOBA State -> SPEAKING
2026-07-26 19:18:57,763 | INFO | SCOOBA State -> READY
2026-07-26 19:18:57,763 | INFO | SCOOBA State -> LISTENING
2026-07-26 19:18:59,743 | INFO | SCOOBA interrupted by user.
2026-07-26 19:23:53,390 | INFO | SCOOBA State -> BOOTING
2026-07-26 19:23:53,390 | INFO | SCOOBA boot sequence started.
2026-07-26 19:23:53,390 | INFO | Starting registered services...
2026-07-26 19:23:53,391 | INFO | Starting Logger Service...
2026-07-26 19:23:53,391 | INFO | Logger Service Started
2026-07-26 19:23:53,391 | INFO | SCOOBA State -> SPEAKING
2026-07-26 19:23:56,886 | INFO | SCOOBA State -> READY
2026-07-26 19:23:56,889 | INFO | SCOOBA State -> LISTENING
2026-07-26 19:23:59,829 | INFO | SCOOBA State -> READY
2026-07-26 19:23:59,830 | INFO | SCOOBA State -> SPEAKING
2026-07-26 19:24:01,988 | INFO | SCOOBA State -> READY
2026-07-26 19:24:01,988 | INFO | SCOOBA State -> LISTENING
2026-07-26 19:24:04,928 | INFO | SCOOBA State -> READY
2026-07-26 19:24:04,929 | INFO | SCOOBA State -> SPEAKING
2026-07-26 19:24:07,118 | INFO | SCOOBA State -> READY
2026-07-26 19:24:07,119 | INFO | SCOOBA State -> LISTENING
2026-07-26 19:24:10,550 | INFO | SCOOBA State -> READY
2026-07-26 19:24:10,550 | INFO | SCOOBA State -> SPEAKING
2026-07-26 19:24:13,400 | INFO | SCOOBA State -> READY
2026-07-26 19:24:13,401 | INFO | SCOOBA State -> LISTENING
2026-07-26 19:24:17,338 | INFO | SCOOBA State -> READY
2026-07-26 19:24:17,339 | INFO | SCOOBA State -> SPEAKING
2026-07-26 19:24:19,611 | INFO | SCOOBA State -> READY
2026-07-26 19:24:19,611 | INFO | SCOOBA State -> LISTENING
2026-07-26 19:24:26,034 | INFO | SCOOBA State -> READY
2026-07-26 19:24:26,035 | INFO | SCOOBA State -> SPEAKING
2026-07-26 19:24:28,291 | INFO | SCOOBA State -> READY
2026-07-26 19:24:28,291 | INFO | SCOOBA State -> LISTENING
2026-07-26 19:24:31,285 | INFO | SCOOBA State -> READY
2026-07-26 19:24:31,286 | INFO | SCOOBA State -> SPEAKING
2026-07-26 19:24:33,803 | INFO | SCOOBA State -> READY
2026-07-26 19:24:33,803 | INFO | SCOOBA State -> LISTENING
2026-07-26 19:24:36,806 | INFO | SCOOBA State -> READY
2026-07-26 19:24:36,806 | INFO | SCOOBA State -> SPEAKING
2026-07-26 19:24:39,275 | INFO | SCOOBA State -> READY
2026-07-26 19:24:39,275 | INFO | SCOOBA State -> LISTENING
2026-07-26 19:24:42,252 | INFO | SCOOBA State -> READY
2026-07-26 19:24:42,253 | INFO | SCOOBA State -> SPEAKING
2026-07-26 19:24:44,675 | INFO | SCOOBA State -> READY
2026-07-26 19:24:44,675 | INFO | SCOOBA State -> LISTENING
2026-07-26 19:24:49,131 | INFO | SCOOBA State -> READY
2026-07-26 19:24:49,131 | INFO | SCOOBA State -> SPEAKING
2026-07-26 19:24:51,967 | INFO | SCOOBA State -> READY
2026-07-26 19:24:51,967 | INFO | SCOOBA State -> LISTENING
2026-07-26 19:24:56,381 | INFO | SCOOBA State -> READY
2026-07-26 19:24:56,381 | INFO | SCOOBA State -> SPEAKING
2026-07-26 19:24:58,806 | INFO | SCOOBA State -> READY
2026-07-26 19:24:58,807 | INFO | SCOOBA State -> LISTENING
2026-07-26 19:25:03,264 | INFO | SCOOBA State -> READY
2026-07-26 19:25:03,264 | INFO | SCOOBA State -> SPEAKING
2026-07-26 19:25:05,631 | INFO | SCOOBA State -> READY
2026-07-26 19:25:05,631 | INFO | SCOOBA State -> LISTENING
2026-07-26 19:25:09,090 | INFO | SCOOBA State -> READY
2026-07-26 19:25:09,091 | INFO | SCOOBA State -> SPEAKING
2026-07-26 19:25:11,495 | INFO | SCOOBA State -> READY
2026-07-26 19:25:11,495 | INFO | SCOOBA State -> LISTENING
2026-07-26 19:25:16,436 | INFO | SCOOBA State -> READY
2026-07-26 19:25:16,437 | INFO | SCOOBA State -> SPEAKING
2026-07-26 19:25:18,652 | INFO | SCOOBA State -> READY
2026-07-26 19:25:18,653 | INFO | SCOOBA State -> LISTENING
2026-07-26 19:25:24,611 | INFO | SCOOBA State -> READY
2026-07-26 19:25:24,611 | INFO | SCOOBA State -> SPEAKING
2026-07-26 19:25:27,186 | INFO | SCOOBA State -> READY
2026-07-26 19:25:27,187 | INFO | SCOOBA State -> LISTENING
2026-07-26 19:25:29,106 | INFO | SCOOBA interrupted by user.
2026-07-26 19:34:37,727 | INFO | SCOOBA State -> BOOTING
2026-07-26 19:34:37,728 | INFO | SCOOBA boot sequence started.
2026-07-26 19:34:37,728 | INFO | Starting registered services...
2026-07-26 19:34:37,728 | INFO | Starting Logger Service...
2026-07-26 19:34:37,728 | INFO | Logger Service Started
2026-07-26 19:34:37,729 | INFO | SCOOBA State -> SPEAKING
2026-07-26 20:18:05,580 | INFO | SCOOBA State -> BOOTING
2026-07-26 20:18:05,581 | INFO | SCOOBA boot sequence started.
2026-07-26 20:18:05,581 | INFO | Starting registered services...
2026-07-26 20:18:05,581 | INFO | Starting Logger Service...
2026-07-26 20:18:05,581 | INFO | Logger Service Started
2026-07-26 20:18:05,582 | INFO | SCOOBA State -> SPEAKING
2026-07-26 20:18:09,162 | INFO | SCOOBA State -> READY
2026-07-26 20:18:09,165 | INFO | SCOOBA State -> LISTENING
2026-07-26 20:18:12,110 | INFO | SCOOBA State -> READY
2026-07-26 20:18:12,111 | INFO | SCOOBA State -> SPEAKING
2026-07-26 20:18:14,407 | INFO | SCOOBA State -> READY
2026-07-26 20:18:14,407 | INFO | SCOOBA State -> LISTENING
2026-07-26 20:18:17,413 | INFO | SCOOBA State -> READY
2026-07-26 20:18:17,414 | INFO | SCOOBA State -> SPEAKING
2026-07-26 20:18:19,714 | INFO | SCOOBA State -> READY
2026-07-26 20:18:19,715 | INFO | SCOOBA State -> LISTENING
2026-07-26 20:18:22,717 | INFO | SCOOBA State -> READY
2026-07-26 20:18:22,718 | INFO | SCOOBA State -> SPEAKING
2026-07-26 20:18:24,739 | INFO | SCOOBA State -> READY
2026-07-26 20:18:24,739 | INFO | SCOOBA State -> LISTENING
2026-07-26 20:18:33,227 | INFO | SCOOBA State -> READY
2026-07-26 20:18:33,228 | INFO | SCOOBA State -> SPEAKING
2026-07-26 20:18:35,463 | INFO | SCOOBA State -> READY
2026-07-26 20:18:35,463 | INFO | SCOOBA State -> LISTENING
2026-07-26 20:18:39,528 | INFO | SCOOBA State -> READY
2026-07-26 20:18:39,528 | INFO | SCOOBA State -> SPEAKING
2026-07-26 20:18:41,906 | INFO | SCOOBA State -> READY
2026-07-26 20:18:41,907 | INFO | SCOOBA State -> LISTENING
2026-07-26 20:18:46,402 | INFO | SCOOBA State -> READY
2026-07-26 20:18:46,403 | INFO | SCOOBA State -> SPEAKING
2026-07-26 20:18:48,948 | INFO | SCOOBA State -> READY
2026-07-26 20:18:48,948 | INFO | SCOOBA State -> LISTENING
2026-07-26 20:18:49,922 | INFO | SCOOBA interrupted by user.
2026-07-26 21:30:57,013 | INFO | SCOOBA State -> BOOTING
2026-07-26 21:30:57,013 | INFO | SCOOBA boot sequence started.
2026-07-26 21:30:57,014 | INFO | Starting registered services...
2026-07-26 21:30:57,014 | INFO | Starting Logger Service...
2026-07-26 21:30:57,014 | INFO | Logger Service Started
2026-07-26 21:30:57,014 | INFO | SCOOBA State -> SPEAKING
2026-07-26 21:31:03,363 | INFO | SCOOBA State -> READY
2026-07-26 21:31:03,366 | INFO | SCOOBA State -> LISTENING
2026-07-26 21:31:07,461 | INFO | SCOOBA State -> READY
2026-07-26 21:31:07,467 | INFO | SCOOBA State -> SPEAKING
2026-07-26 21:31:11,529 | INFO | SCOOBA State -> READY
2026-07-26 21:31:11,530 | INFO | SCOOBA State -> LISTENING
2026-07-26 21:31:15,014 | INFO | SCOOBA State -> READY
2026-07-26 21:31:15,020 | INFO | SCOOBA State -> SPEAKING
2026-07-26 21:31:19,075 | INFO | SCOOBA State -> READY
2026-07-26 21:31:19,075 | INFO | SCOOBA State -> LISTENING
2026-07-26 21:31:23,057 | INFO | SCOOBA State -> READY
2026-07-26 21:31:23,063 | INFO | SCOOBA State -> SPEAKING
2026-07-26 21:31:26,977 | INFO | SCOOBA State -> READY
2026-07-26 21:31:26,977 | INFO | SCOOBA State -> LISTENING
2026-07-26 21:31:31,016 | INFO | SCOOBA State -> READY
2026-07-26 21:31:31,020 | INFO | SCOOBA State -> SPEAKING
2026-07-26 21:31:33,462 | INFO | SCOOBA State -> READY
2026-07-26 21:31:33,462 | INFO | SCOOBA State -> LISTENING
2026-07-26 21:31:37,464 | INFO | SCOOBA State -> READY
2026-07-26 21:35:50,661 | INFO | SCOOBA State -> BOOTING
2026-07-26 21:35:50,662 | INFO | SCOOBA boot sequence started.
2026-07-26 21:35:50,662 | INFO | Starting registered services...
2026-07-26 21:35:50,662 | INFO | Starting Logger Service...
2026-07-26 21:35:50,662 | INFO | Logger Service Started
2026-07-26 21:35:50,663 | INFO | SCOOBA State -> SPEAKING
2026-07-26 21:35:54,176 | INFO | SCOOBA State -> READY
2026-07-26 21:35:54,179 | INFO | SCOOBA State -> LISTENING
2026-07-26 21:35:57,624 | INFO | SCOOBA State -> READY
2026-07-26 21:35:57,630 | INFO | SCOOBA State -> SPEAKING
2026-07-26 21:36:01,664 | INFO | SCOOBA State -> READY
2026-07-26 21:36:01,665 | INFO | SCOOBA State -> LISTENING
2026-07-26 21:36:06,158 | INFO | SCOOBA State -> READY
2026-07-26 21:36:06,162 | INFO | SCOOBA State -> SPEAKING
2026-07-26 21:36:10,098 | INFO | SCOOBA State -> READY
2026-07-26 21:36:10,098 | INFO | SCOOBA State -> LISTENING
2026-07-26 21:36:13,072 | INFO | SCOOBA interrupted by user.
2026-07-26 21:39:08,248 | INFO | SCOOBA State -> BOOTING
2026-07-26 21:39:08,249 | INFO | SCOOBA boot sequence started.
2026-07-26 21:39:08,249 | INFO | Starting registered services...
2026-07-26 21:39:08,249 | INFO | Starting Logger Service...
2026-07-26 21:39:08,249 | INFO | Logger Service Started
2026-07-26 21:39:08,250 | INFO | SCOOBA State -> SPEAKING
2026-07-26 21:39:11,873 | INFO | SCOOBA State -> READY
2026-07-26 21:39:11,876 | INFO | SCOOBA State -> LISTENING
2026-07-26 21:39:14,873 | INFO | SCOOBA State -> READY
2026-07-26 21:39:14,880 | INFO | SCOOBA State -> SPEAKING
2026-07-26 21:39:18,899 | INFO | SCOOBA State -> READY
2026-07-26 21:39:18,899 | INFO | SCOOBA State -> LISTENING
2026-07-26 21:39:23,916 | INFO | SCOOBA State -> READY
2026-07-26 21:39:23,921 | INFO | SCOOBA State -> SPEAKING
2026-07-26 21:39:26,660 | INFO | SCOOBA State -> READY
2026-07-26 21:39:26,660 | INFO | SCOOBA State -> LISTENING
2026-07-26 21:39:31,172 | INFO | SCOOBA State -> READY
2026-07-26 21:39:31,179 | INFO | SCOOBA State -> SPEAKING
2026-07-26 21:39:33,311 | INFO | SCOOBA State -> READY
2026-07-26 21:39:33,311 | INFO | SCOOBA State -> LISTENING
2026-07-26 21:39:37,801 | INFO | SCOOBA State -> READY
2026-07-26 21:39:37,808 | INFO | SCOOBA State -> SPEAKING
2026-07-26 21:39:40,042 | INFO | SCOOBA State -> READY
2026-07-26 21:39:40,042 | INFO | SCOOBA State -> LISTENING
2026-07-26 21:39:44,016 | INFO | SCOOBA State -> READY
2026-07-26 21:39:44,110 | INFO | SCOOBA State -> SPEAKING
2026-07-26 21:39:46,664 | INFO | SCOOBA State -> READY
2026-07-26 21:39:46,664 | INFO | SCOOBA State -> LISTENING
2026-07-26 21:39:54,109 | INFO | SCOOBA State -> READY
2026-07-26 21:39:54,114 | INFO | SCOOBA State -> SPEAKING
2026-07-26 21:39:56,210 | INFO | SCOOBA State -> READY
2026-07-26 21:39:56,210 | INFO | SCOOBA State -> LISTENING
2026-07-26 21:40:00,191 | INFO | SCOOBA State -> READY
2026-07-26 21:40:00,207 | INFO | SCOOBA State -> SPEAKING
2026-07-26 21:40:02,973 | INFO | SCOOBA State -> READY
2026-07-26 21:40:02,973 | INFO | SCOOBA State -> LISTENING
2026-07-26 21:40:09,437 | INFO | SCOOBA State -> READY
2026-07-26 21:40:09,491 | INFO | SCOOBA State -> SPEAKING
2026-07-26 21:40:11,675 | INFO | SCOOBA State -> READY
2026-07-26 21:40:11,675 | INFO | SCOOBA State -> LISTENING
2026-07-26 21:40:17,067 | INFO | SCOOBA interrupted by user.
2026-07-26 21:42:46,089 | INFO | SCOOBA State -> BOOTING
2026-07-26 21:42:46,090 | INFO | SCOOBA boot sequence started.
2026-07-26 21:42:46,090 | INFO | Starting registered services...
2026-07-26 21:42:46,090 | INFO | Starting Logger Service...
2026-07-26 21:42:46,090 | INFO | Logger Service Started
2026-07-26 21:42:46,090 | INFO | SCOOBA State -> SPEAKING
2026-07-26 21:42:49,644 | INFO | SCOOBA State -> READY
2026-07-26 21:42:49,647 | INFO | SCOOBA State -> LISTENING
2026-07-26 21:42:52,668 | INFO | SCOOBA State -> READY
2026-07-26 21:42:52,675 | INFO | SCOOBA State -> SPEAKING
2026-07-26 21:42:57,602 | INFO | SCOOBA State -> READY
2026-07-26 21:42:57,602 | INFO | SCOOBA State -> LISTENING
2026-07-26 21:43:01,564 | INFO | SCOOBA State -> READY
2026-07-26 21:43:01,568 | INFO | SCOOBA State -> SPEAKING
2026-07-26 21:43:04,889 | INFO | SCOOBA State -> READY
2026-07-26 21:43:04,889 | INFO | SCOOBA State -> LISTENING
2026-07-26 21:43:09,386 | INFO | SCOOBA State -> READY
2026-07-26 21:43:09,390 | INFO | SCOOBA State -> SPEAKING
2026-07-26 21:43:11,744 | INFO | SCOOBA State -> READY
2026-07-26 21:43:11,744 | INFO | SCOOBA State -> LISTENING
2026-07-26 21:43:16,300 | INFO | SCOOBA State -> READY
2026-07-26 21:43:16,307 | INFO | SCOOBA State -> SPEAKING
2026-07-26 21:43:19,383 | INFO | SCOOBA State -> READY
2026-07-26 21:43:19,384 | INFO | SCOOBA State -> LISTENING
2026-07-26 21:43:24,899 | INFO | SCOOBA State -> READY
2026-07-26 21:43:24,905 | INFO | SCOOBA State -> SPEAKING
2026-07-26 21:43:27,496 | INFO | SCOOBA State -> READY
2026-07-26 21:43:27,497 | INFO | SCOOBA State -> LISTENING
2026-07-26 21:43:31,560 | INFO | SCOOBA State -> READY
2026-07-26 21:43:31,564 | INFO | SCOOBA State -> SPEAKING
2026-07-26 21:43:34,192 | INFO | SCOOBA State -> READY
2026-07-26 21:43:34,192 | INFO | SCOOBA State -> LISTENING
2026-07-26 21:43:38,217 | INFO | SCOOBA State -> READY
2026-07-26 21:43:38,222 | INFO | SCOOBA State -> SPEAKING
2026-07-26 21:43:40,626 | INFO | SCOOBA interrupted by user.
2026-07-26 22:00:56,300 | INFO | SCOOBA State -> BOOTING
2026-07-26 22:00:56,300 | INFO | SCOOBA boot sequence started.
2026-07-26 22:00:56,300 | INFO | Starting registered services...
2026-07-26 22:00:56,300 | INFO | Starting Logger Service...
2026-07-26 22:00:56,300 | INFO | Logger Service Started
2026-07-26 22:00:56,301 | INFO | SCOOBA State -> SPEAKING
2026-07-26 22:00:59,776 | INFO | SCOOBA State -> READY
2026-07-26 22:00:59,779 | INFO | SCOOBA State -> LISTENING
2026-07-26 22:01:02,722 | INFO | SCOOBA State -> READY
2026-07-26 22:01:02,726 | INFO | SCOOBA State -> SPEAKING
2026-07-26 22:01:07,757 | INFO | SCOOBA State -> READY
2026-07-26 22:01:07,757 | INFO | SCOOBA State -> LISTENING
2026-07-26 22:01:15,762 | INFO | SCOOBA State -> READY
2026-07-26 22:01:15,767 | INFO | SCOOBA State -> SPEAKING
2026-07-26 22:01:18,302 | INFO | SCOOBA State -> READY
2026-07-26 22:01:18,303 | INFO | SCOOBA State -> LISTENING
2026-07-26 22:01:22,816 | INFO | SCOOBA State -> READY
2026-07-26 22:01:22,823 | INFO | SCOOBA State -> SPEAKING
2026-07-26 22:01:25,588 | INFO | SCOOBA State -> READY
2026-07-26 22:01:25,588 | INFO | SCOOBA State -> LISTENING
2026-07-26 22:01:30,605 | INFO | SCOOBA State -> READY
2026-07-26 22:01:30,611 | INFO | SCOOBA State -> SPEAKING
2026-07-26 22:01:32,914 | INFO | SCOOBA State -> READY
2026-07-26 22:01:32,914 | INFO | SCOOBA State -> LISTENING
2026-07-26 22:01:37,426 | INFO | SCOOBA State -> READY
2026-07-26 22:01:37,431 | INFO | SCOOBA State -> SPEAKING
2026-07-26 22:01:40,068 | INFO | SCOOBA State -> READY
2026-07-26 22:01:40,069 | INFO | SCOOBA State -> LISTENING
2026-07-26 22:01:48,026 | INFO | SCOOBA State -> READY
2026-07-26 22:01:48,030 | INFO | SCOOBA State -> SPEAKING
2026-07-26 22:01:51,193 | INFO | SCOOBA State -> READY
2026-07-26 22:01:51,193 | INFO | SCOOBA State -> LISTENING
2026-07-26 22:01:53,835 | INFO | SCOOBA interrupted by user.
2026-07-26 22:05:55,531 | INFO | SCOOBA State -> BOOTING
2026-07-26 22:05:55,531 | INFO | SCOOBA boot sequence started.
2026-07-26 22:05:55,532 | INFO | Starting registered services...
2026-07-26 22:05:55,532 | INFO | Starting Logger Service...
2026-07-26 22:05:55,532 | INFO | Logger Service Started
2026-07-26 22:05:55,532 | INFO | SCOOBA State -> SPEAKING
2026-07-26 22:05:59,071 | INFO | SCOOBA State -> READY
2026-07-26 22:05:59,073 | INFO | SCOOBA State -> LISTENING
2026-07-26 22:06:03,523 | INFO | SCOOBA State -> READY
2026-07-26 22:06:03,529 | INFO | SCOOBA State -> SPEAKING
2026-07-26 22:06:08,510 | INFO | SCOOBA State -> READY
2026-07-26 22:06:08,511 | INFO | SCOOBA State -> LISTENING
2026-07-26 22:06:13,041 | INFO | SCOOBA State -> READY
2026-07-26 22:06:13,046 | INFO | SCOOBA State -> SPEAKING
2026-07-26 22:06:15,514 | INFO | SCOOBA State -> READY
2026-07-26 22:06:15,514 | INFO | SCOOBA State -> LISTENING
2026-07-26 22:06:23,047 | INFO | SCOOBA State -> READY
2026-07-26 22:06:23,053 | INFO | SCOOBA State -> SPEAKING
2026-07-26 22:06:26,382 | INFO | SCOOBA State -> READY
2026-07-26 22:06:26,382 | INFO | SCOOBA State -> LISTENING
2026-07-26 22:06:33,914 | INFO | SCOOBA State -> READY
2026-07-26 22:06:33,918 | INFO | SCOOBA State -> SPEAKING
2026-07-26 22:06:36,281 | INFO | SCOOBA State -> READY
2026-07-26 22:06:36,281 | INFO | SCOOBA State -> LISTENING
2026-07-26 22:06:42,200 | INFO | SCOOBA State -> READY
2026-07-26 22:06:42,206 | INFO | SCOOBA State -> SPEAKING
2026-07-26 22:06:45,417 | INFO | SCOOBA State -> READY
2026-07-26 22:06:45,418 | INFO | SCOOBA State -> LISTENING
2026-07-26 22:06:49,374 | INFO | SCOOBA State -> READY
2026-07-26 22:06:49,380 | INFO | SCOOBA State -> SPEAKING
2026-07-26 22:06:52,081 | INFO | SCOOBA State -> READY
2026-07-26 22:06:52,081 | INFO | SCOOBA State -> LISTENING
2026-07-26 22:07:00,572 | INFO | SCOOBA State -> READY
2026-07-26 22:07:00,577 | INFO | SCOOBA State -> SPEAKING
2026-07-26 22:07:03,028 | INFO | SCOOBA State -> READY
2026-07-26 22:07:03,029 | INFO | SCOOBA State -> LISTENING
2026-07-26 22:07:07,538 | INFO | SCOOBA State -> READY
2026-07-26 22:07:07,538 | INFO | SCOOBA State -> SPEAKING
2026-07-26 22:07:10,357 | INFO | SCOOBA stopped.
2026-07-26 22:33:58,877 | INFO | SCOOBA State -> BOOTING
2026-07-26 22:33:58,878 | INFO | SCOOBA boot sequence started.
2026-07-26 22:33:58,878 | INFO | Starting registered services...
2026-07-26 22:33:58,878 | INFO | Starting Logger Service...
2026-07-26 22:33:58,878 | INFO | Logger Service Started
2026-07-26 22:33:58,878 | INFO | SCOOBA State -> SPEAKING
2026-07-26 22:34:02,525 | INFO | SCOOBA State -> READY
2026-07-26 22:34:02,527 | INFO | SCOOBA State -> LISTENING
2026-07-26 22:34:06,603 | INFO | SCOOBA State -> READY
2026-07-26 22:34:06,620 | INFO | SCOOBA State -> SPEAKING
2026-07-26 22:34:11,445 | INFO | SCOOBA State -> READY
2026-07-26 22:34:11,445 | INFO | SCOOBA State -> LISTENING
2026-07-26 22:34:16,863 | INFO | SCOOBA State -> READY
2026-07-26 22:34:16,868 | INFO | SCOOBA State -> SPEAKING
2026-07-26 22:34:19,072 | INFO | SCOOBA State -> READY
2026-07-26 22:34:19,072 | INFO | SCOOBA State -> LISTENING
2026-07-26 22:34:23,493 | INFO | SCOOBA State -> READY
2026-07-26 22:34:23,500 | INFO | SCOOBA State -> SPEAKING
2026-07-26 22:34:25,864 | INFO | SCOOBA State -> READY
2026-07-26 22:34:25,865 | INFO | SCOOBA State -> LISTENING
2026-07-26 22:34:30,318 | INFO | SCOOBA State -> READY
2026-07-26 22:34:30,322 | INFO | SCOOBA State -> SPEAKING
2026-07-26 22:34:33,490 | INFO | SCOOBA State -> READY
2026-07-26 22:34:33,490 | INFO | SCOOBA State -> LISTENING
2026-07-26 22:34:37,930 | INFO | SCOOBA State -> READY
2026-07-26 22:34:37,935 | INFO | SCOOBA State -> SPEAKING
2026-07-26 22:34:40,597 | INFO | SCOOBA State -> READY
2026-07-26 22:34:40,597 | INFO | SCOOBA State -> LISTENING
2026-07-26 22:34:45,048 | INFO | SCOOBA State -> READY
2026-07-26 22:34:45,052 | INFO | SCOOBA State -> SPEAKING
2026-07-26 22:34:47,577 | INFO | SCOOBA State -> READY
2026-07-26 22:34:47,577 | INFO | SCOOBA State -> LISTENING
2026-07-26 22:34:56,500 | INFO | SCOOBA State -> READY
2026-07-26 22:34:56,505 | INFO | SCOOBA State -> SPEAKING
2026-07-26 22:34:59,309 | INFO | SCOOBA State -> READY
2026-07-26 22:34:59,310 | INFO | SCOOBA State -> LISTENING
2026-07-26 22:35:02,725 | INFO | SCOOBA State -> READY
2026-07-26 22:35:02,729 | INFO | SCOOBA State -> SPEAKING
2026-07-26 22:35:05,429 | INFO | SCOOBA State -> READY
2026-07-26 22:35:05,430 | INFO | SCOOBA State -> LISTENING
2026-07-26 22:35:09,339 | INFO | SCOOBA State -> READY
2026-07-26 22:35:09,345 | INFO | SCOOBA State -> SPEAKING
2026-07-26 22:35:11,709 | INFO | SCOOBA State -> READY
2026-07-26 22:35:11,709 | INFO | SCOOBA State -> LISTENING
2026-07-26 22:35:17,782 | INFO | SCOOBA State -> READY
2026-07-26 22:35:17,785 | INFO | SCOOBA State -> SPEAKING
2026-07-26 22:35:20,366 | INFO | SCOOBA State -> READY
2026-07-26 22:35:20,367 | INFO | SCOOBA State -> LISTENING
2026-07-26 22:35:23,880 | INFO | SCOOBA State -> READY
2026-07-26 22:35:23,881 | INFO | SCOOBA State -> SPEAKING
2026-07-26 22:35:26,729 | INFO | SCOOBA stopped.
2026-07-26 22:41:29,018 | INFO | SCOOBA State -> BOOTING
2026-07-26 22:41:29,018 | INFO | SCOOBA boot sequence started.
2026-07-26 22:41:29,018 | INFO | Starting registered services...
2026-07-26 22:41:29,019 | INFO | Starting Logger Service...
2026-07-26 22:41:29,019 | INFO | Logger Service Started
2026-07-26 22:41:29,019 | INFO | SCOOBA State -> SPEAKING
2026-07-26 22:41:32,633 | INFO | SCOOBA State -> READY
2026-07-26 22:41:32,635 | INFO | SCOOBA State -> LISTENING
2026-07-26 22:41:36,575 | INFO | SCOOBA State -> READY
2026-07-26 22:41:36,590 | INFO | SCOOBA State -> SPEAKING
2026-07-26 22:41:41,430 | INFO | SCOOBA State -> READY
2026-07-26 22:41:41,430 | INFO | SCOOBA State -> LISTENING
2026-07-26 22:41:45,461 | INFO | SCOOBA State -> READY
2026-07-26 22:41:45,465 | INFO | SCOOBA State -> SPEAKING
2026-07-26 22:41:47,969 | INFO | SCOOBA State -> READY
2026-07-26 22:41:47,970 | INFO | SCOOBA State -> LISTENING
2026-07-26 22:41:51,560 | INFO | SCOOBA State -> READY
2026-07-26 22:41:51,564 | INFO | SCOOBA State -> SPEAKING
2026-07-26 22:41:54,885 | INFO | SCOOBA State -> READY
2026-07-26 22:41:54,885 | INFO | SCOOBA State -> LISTENING
2026-07-26 22:42:00,914 | INFO | SCOOBA State -> READY
2026-07-26 22:42:00,918 | INFO | SCOOBA State -> SPEAKING
2026-07-26 22:42:03,087 | INFO | SCOOBA State -> READY
2026-07-26 22:42:03,087 | INFO | SCOOBA State -> LISTENING
2026-07-26 22:42:06,609 | INFO | SCOOBA State -> READY
2026-07-26 22:42:06,616 | INFO | SCOOBA State -> SPEAKING
2026-07-26 22:42:08,827 | INFO | SCOOBA State -> READY
2026-07-26 22:42:08,827 | INFO | SCOOBA State -> LISTENING
2026-07-26 22:42:11,841 | INFO | SCOOBA State -> READY
2026-07-26 22:42:11,845 | INFO | SCOOBA State -> SPEAKING
2026-07-26 22:42:14,863 | INFO | SCOOBA State -> READY
2026-07-26 22:42:14,863 | INFO | SCOOBA State -> LISTENING
2026-07-26 22:42:19,410 | INFO | SCOOBA State -> READY
2026-07-26 22:42:19,414 | INFO | SCOOBA State -> SPEAKING
2026-07-26 22:42:22,525 | INFO | SCOOBA State -> READY
2026-07-26 22:42:22,526 | INFO | SCOOBA State -> LISTENING
2026-07-26 22:42:25,045 | INFO | SCOOBA State -> READY
2026-07-26 22:42:25,050 | INFO | SCOOBA State -> SPEAKING
2026-07-26 22:42:27,848 | INFO | SCOOBA State -> READY
2026-07-26 22:42:27,848 | INFO | SCOOBA State -> LISTENING
2026-07-26 22:42:30,869 | INFO | SCOOBA State -> READY
2026-07-26 22:42:30,876 | INFO | SCOOBA State -> SPEAKING
2026-07-26 22:42:33,258 | INFO | SCOOBA State -> READY
2026-07-26 22:42:33,259 | INFO | SCOOBA State -> LISTENING
2026-07-26 22:42:37,792 | INFO | SCOOBA State -> READY
2026-07-26 22:42:37,798 | INFO | SCOOBA State -> SPEAKING
2026-07-26 22:42:40,222 | INFO | SCOOBA State -> READY
2026-07-26 22:42:40,222 | INFO | SCOOBA State -> LISTENING
2026-07-26 22:42:43,825 | INFO | SCOOBA State -> READY
2026-07-26 22:42:43,831 | INFO | SCOOBA State -> SPEAKING
2026-07-26 22:42:46,025 | INFO | SCOOBA State -> READY
2026-07-26 22:42:46,026 | INFO | SCOOBA State -> LISTENING
2026-07-26 22:42:49,036 | INFO | SCOOBA State -> READY
2026-07-26 22:42:49,041 | INFO | SCOOBA State -> SPEAKING
2026-07-26 22:42:51,128 | INFO | SCOOBA State -> READY
2026-07-26 22:42:51,129 | INFO | SCOOBA State -> LISTENING
2026-07-26 22:42:55,661 | INFO | SCOOBA State -> READY
2026-07-26 22:42:55,667 | INFO | SCOOBA State -> SPEAKING
2026-07-26 22:42:57,738 | INFO | SCOOBA State -> READY
2026-07-26 22:42:57,739 | INFO | SCOOBA State -> LISTENING
2026-07-26 22:43:00,747 | INFO | SCOOBA State -> READY
2026-07-26 22:43:00,750 | INFO | SCOOBA State -> SPEAKING
2026-07-26 22:43:03,335 | INFO | SCOOBA State -> READY
2026-07-26 22:43:03,335 | INFO | SCOOBA State -> LISTENING
2026-07-26 22:43:06,368 | INFO | SCOOBA State -> READY
2026-07-26 22:43:06,373 | INFO | SCOOBA State -> SPEAKING
2026-07-26 22:43:09,070 | INFO | SCOOBA State -> READY
2026-07-26 22:43:09,070 | INFO | SCOOBA State -> LISTENING
2026-07-26 22:43:13,101 | INFO | SCOOBA State -> READY
2026-07-26 22:43:13,107 | INFO | SCOOBA State -> SPEAKING
2026-07-26 22:43:15,516 | INFO | SCOOBA State -> READY
2026-07-26 22:43:15,517 | INFO | SCOOBA State -> LISTENING
2026-07-26 22:43:17,018 | INFO | SCOOBA interrupted by user.
2026-07-26 22:46:44,540 | INFO | SCOOBA State -> BOOTING
2026-07-26 22:46:44,540 | INFO | SCOOBA boot sequence started.
2026-07-26 22:46:44,541 | INFO | Starting registered services...
2026-07-26 22:46:44,541 | INFO | Starting Logger Service...
2026-07-26 22:46:44,541 | INFO | Logger Service Started
2026-07-26 22:46:44,541 | INFO | SCOOBA State -> SPEAKING
2026-07-26 22:46:48,238 | INFO | SCOOBA State -> READY
2026-07-26 22:46:48,241 | INFO | SCOOBA State -> LISTENING
2026-07-26 22:46:51,745 | INFO | SCOOBA State -> READY
2026-07-26 22:46:51,750 | INFO | SCOOBA State -> SPEAKING
2026-07-26 22:46:54,941 | INFO | SCOOBA State -> READY
2026-07-26 22:46:54,941 | INFO | SCOOBA State -> LISTENING
2026-07-26 22:47:00,953 | INFO | SCOOBA State -> READY
2026-07-26 22:47:00,959 | INFO | SCOOBA State -> SPEAKING
2026-07-26 22:47:04,464 | INFO | SCOOBA State -> READY
2026-07-26 22:47:04,465 | INFO | SCOOBA State -> LISTENING
2026-07-26 22:47:10,479 | INFO | SCOOBA State -> READY
2026-07-26 22:47:10,595 | INFO | SCOOBA State -> SPEAKING
2026-07-26 22:47:16,258 | INFO | SCOOBA State -> READY
2026-07-26 22:47:16,258 | INFO | SCOOBA State -> LISTENING
2026-07-26 22:47:24,290 | INFO | SCOOBA State -> READY
2026-07-26 22:47:24,371 | INFO | SCOOBA State -> SPEAKING
2026-07-26 22:47:28,650 | INFO | SCOOBA State -> READY
2026-07-26 22:47:28,650 | INFO | SCOOBA State -> LISTENING
2026-07-26 22:47:32,679 | INFO | SCOOBA State -> READY
2026-07-26 22:47:32,733 | INFO | SCOOBA State -> SPEAKING
2026-07-26 22:47:36,377 | INFO | SCOOBA State -> READY
2026-07-26 22:47:36,378 | INFO | SCOOBA State -> LISTENING
2026-07-26 22:47:39,974 | INFO | SCOOBA State -> READY
2026-07-26 22:47:40,086 | INFO | SCOOBA State -> SPEAKING
2026-07-26 22:47:44,086 | INFO | SCOOBA State -> READY
2026-07-26 22:47:44,086 | INFO | SCOOBA State -> LISTENING
2026-07-26 22:47:48,611 | INFO | SCOOBA State -> READY
2026-07-26 22:47:48,691 | INFO | SCOOBA State -> SPEAKING
2026-07-26 22:47:52,551 | INFO | SCOOBA State -> READY
2026-07-26 22:47:52,552 | INFO | SCOOBA State -> LISTENING
2026-07-26 22:47:58,068 | INFO | SCOOBA State -> READY
2026-07-26 22:47:58,073 | INFO | SCOOBA State -> SPEAKING
2026-07-26 22:48:01,636 | INFO | SCOOBA State -> READY
2026-07-26 22:48:01,636 | INFO | SCOOBA State -> LISTENING
2026-07-26 22:48:06,164 | INFO | SCOOBA State -> READY
2026-07-26 22:48:06,171 | INFO | SCOOBA State -> SPEAKING
2026-07-26 22:48:09,702 | INFO | SCOOBA State -> READY
2026-07-26 22:48:09,703 | INFO | SCOOBA State -> LISTENING
2026-07-26 22:48:12,698 | INFO | SCOOBA State -> READY
2026-07-26 22:48:12,704 | INFO | SCOOBA State -> SPEAKING
2026-07-26 22:48:15,782 | INFO | SCOOBA State -> READY
2026-07-26 22:48:15,783 | INFO | SCOOBA State -> LISTENING
2026-07-26 22:48:18,800 | INFO | SCOOBA State -> READY
2026-07-26 22:48:18,806 | INFO | SCOOBA State -> SPEAKING
2026-07-26 22:48:22,356 | INFO | SCOOBA State -> READY
2026-07-26 22:48:22,356 | INFO | SCOOBA State -> LISTENING
2026-07-26 22:48:26,851 | INFO | SCOOBA State -> READY
2026-07-26 22:48:26,855 | INFO | SCOOBA State -> SPEAKING
2026-07-26 22:48:30,465 | INFO | SCOOBA State -> READY
2026-07-26 22:48:30,465 | INFO | SCOOBA State -> LISTENING
2026-07-26 22:48:34,972 | INFO | SCOOBA State -> READY
2026-07-26 22:48:35,039 | INFO | SCOOBA State -> SPEAKING
2026-07-26 22:48:39,106 | INFO | SCOOBA State -> READY
2026-07-26 22:48:39,107 | INFO | SCOOBA State -> LISTENING
2026-07-26 22:48:39,232 | INFO | SCOOBA interrupted by user.
2026-07-26 22:50:35,043 | INFO | SCOOBA State -> BOOTING
2026-07-26 22:50:35,043 | INFO | SCOOBA boot sequence started.
2026-07-26 22:50:35,043 | INFO | Starting registered services...
2026-07-26 22:50:35,044 | INFO | Starting Logger Service...
2026-07-26 22:50:35,044 | INFO | Logger Service Started
2026-07-26 22:50:35,044 | INFO | SCOOBA State -> SPEAKING
2026-07-26 22:50:38,667 | INFO | SCOOBA State -> READY
2026-07-26 22:50:38,669 | INFO | SCOOBA State -> LISTENING
2026-07-26 22:50:42,651 | INFO | SCOOBA State -> READY
2026-07-26 22:50:42,655 | INFO | SCOOBA State -> SPEAKING
2026-07-26 22:50:45,941 | INFO | SCOOBA State -> READY
2026-07-26 22:50:45,942 | INFO | SCOOBA State -> LISTENING
2026-07-26 22:50:48,940 | INFO | SCOOBA State -> READY
2026-07-26 22:50:48,945 | INFO | SCOOBA State -> SPEAKING
2026-07-26 22:50:52,923 | INFO | SCOOBA State -> READY
2026-07-26 22:50:52,923 | INFO | SCOOBA State -> LISTENING
2026-07-26 22:50:59,405 | INFO | SCOOBA State -> READY
2026-07-26 22:50:59,502 | INFO | SCOOBA State -> SPEAKING
2026-07-26 22:51:03,467 | INFO | SCOOBA State -> READY
2026-07-26 22:51:03,467 | INFO | SCOOBA State -> LISTENING
2026-07-26 22:51:07,973 | INFO | SCOOBA State -> READY
2026-07-26 22:51:07,978 | INFO | SCOOBA State -> SPEAKING
2026-07-26 22:51:11,287 | INFO | SCOOBA State -> READY
2026-07-26 22:51:11,287 | INFO | SCOOBA State -> LISTENING
2026-07-26 22:51:17,785 | INFO | SCOOBA State -> READY
2026-07-26 22:51:17,790 | INFO | SCOOBA State -> SPEAKING
2026-07-26 22:51:21,839 | INFO | SCOOBA State -> READY
2026-07-26 22:51:21,839 | INFO | SCOOBA State -> LISTENING
2026-07-26 22:51:26,833 | INFO | SCOOBA State -> READY
2026-07-26 22:51:26,838 | INFO | SCOOBA State -> SPEAKING
2026-07-26 22:51:30,227 | INFO | SCOOBA State -> READY
2026-07-26 22:51:30,227 | INFO | SCOOBA State -> LISTENING
2026-07-26 22:51:34,244 | INFO | SCOOBA State -> READY
2026-07-26 22:51:34,250 | INFO | SCOOBA State -> SPEAKING
2026-07-26 22:51:37,658 | INFO | SCOOBA State -> READY
2026-07-26 22:51:37,658 | INFO | SCOOBA State -> LISTENING
2026-07-26 22:51:46,146 | INFO | SCOOBA State -> READY
2026-07-26 22:51:46,151 | INFO | SCOOBA State -> SPEAKING
2026-07-26 22:51:49,621 | INFO | SCOOBA State -> READY
2026-07-26 22:51:49,622 | INFO | SCOOBA State -> LISTENING
2026-07-26 22:51:54,133 | INFO | SCOOBA State -> READY
2026-07-26 22:51:54,223 | INFO | SCOOBA State -> SPEAKING
2026-07-26 22:51:59,334 | INFO | SCOOBA interrupted by user.
2026-07-26 23:45:07,665 | INFO | SCOOBA State -> BOOTING
2026-07-26 23:45:07,666 | INFO | SCOOBA boot sequence started.
2026-07-26 23:45:07,666 | INFO | Starting registered services...
2026-07-26 23:45:07,666 | INFO | Starting Logger Service...
2026-07-26 23:45:07,666 | INFO | Logger Service Started
2026-07-26 23:45:07,666 | INFO | SCOOBA State -> SPEAKING
2026-07-26 23:45:11,293 | INFO | SCOOBA State -> READY
2026-07-26 23:45:11,294 | INFO | SCOOBA State -> LISTENING
2026-07-26 23:45:14,798 | INFO | SCOOBA State -> READY
2026-07-26 23:45:14,824 | INFO | SCOOBA State -> SPEAKING
2026-07-26 23:45:18,266 | INFO | SCOOBA State -> READY
2026-07-26 23:45:18,266 | INFO | SCOOBA State -> LISTENING
2026-07-26 23:45:23,281 | INFO | SCOOBA State -> READY
2026-07-26 23:45:23,379 | INFO | SCOOBA State -> SPEAKING
2026-07-26 23:45:27,661 | INFO | SCOOBA State -> READY
2026-07-26 23:45:27,661 | INFO | SCOOBA State -> LISTENING
2026-07-26 23:45:32,080 | INFO | SCOOBA State -> READY
2026-07-26 23:45:32,150 | INFO | SCOOBA State -> SPEAKING
2026-07-26 23:45:37,800 | INFO | SCOOBA State -> READY
2026-07-26 23:45:37,801 | INFO | SCOOBA State -> LISTENING
2026-07-26 23:45:41,309 | INFO | SCOOBA State -> READY
2026-07-26 23:45:41,313 | INFO | SCOOBA State -> SPEAKING
2026-07-26 23:45:45,171 | INFO | SCOOBA State -> READY
2026-07-26 23:45:45,171 | INFO | SCOOBA State -> LISTENING
2026-07-26 23:45:51,687 | INFO | SCOOBA State -> READY
2026-07-26 23:45:51,691 | INFO | SCOOBA State -> SPEAKING
2026-07-26 23:45:55,027 | INFO | SCOOBA State -> READY
2026-07-26 23:45:55,027 | INFO | SCOOBA State -> LISTENING
2026-07-26 23:45:59,529 | INFO | SCOOBA State -> READY
2026-07-26 23:45:59,536 | INFO | SCOOBA State -> SPEAKING
2026-07-26 23:46:03,404 | INFO | SCOOBA State -> READY
2026-07-26 23:46:03,404 | INFO | SCOOBA State -> LISTENING
2026-07-26 23:46:12,903 | INFO | SCOOBA State -> READY
2026-07-26 23:46:12,908 | INFO | SCOOBA State -> SPEAKING
2026-07-26 23:46:16,192 | INFO | SCOOBA State -> READY
2026-07-26 23:46:16,193 | INFO | SCOOBA State -> LISTENING
2026-07-26 23:46:20,222 | INFO | SCOOBA State -> READY
2026-07-26 23:46:20,241 | INFO | SCOOBA State -> SPEAKING
2026-07-26 23:46:24,317 | INFO | SCOOBA State -> READY
2026-07-26 23:46:24,317 | INFO | SCOOBA State -> LISTENING
2026-07-26 23:46:28,339 | INFO | SCOOBA State -> READY
2026-07-26 23:46:28,346 | INFO | SCOOBA State -> SPEAKING
2026-07-26 23:46:32,440 | INFO | SCOOBA State -> READY
2026-07-26 23:46:32,441 | INFO | SCOOBA State -> LISTENING
2026-07-26 23:46:34,956 | INFO | SCOOBA State -> READY
2026-07-26 23:46:34,960 | INFO | SCOOBA State -> SPEAKING
2026-07-26 23:46:38,668 | INFO | SCOOBA State -> READY
2026-07-26 23:46:38,668 | INFO | SCOOBA State -> LISTENING
2026-07-26 23:46:42,698 | INFO | SCOOBA State -> READY
2026-07-26 23:46:42,705 | INFO | SCOOBA State -> SPEAKING
2026-07-26 23:46:46,860 | INFO | SCOOBA State -> READY
2026-07-26 23:46:46,861 | INFO | SCOOBA State -> LISTENING
2026-07-26 23:46:50,911 | INFO | SCOOBA State -> READY
2026-07-26 23:46:50,917 | INFO | SCOOBA State -> SPEAKING
2026-07-26 23:46:54,797 | INFO | SCOOBA State -> READY
2026-07-26 23:46:54,797 | INFO | SCOOBA State -> LISTENING
2026-07-26 23:47:01,318 | INFO | SCOOBA State -> READY
2026-07-26 23:47:01,322 | INFO | SCOOBA State -> SPEAKING
2026-07-26 23:47:05,284 | INFO | SCOOBA State -> READY
2026-07-26 23:47:05,284 | INFO | SCOOBA State -> LISTENING
2026-07-26 23:47:08,774 | INFO | SCOOBA State -> READY
2026-07-26 23:47:08,778 | INFO | SCOOBA State -> SPEAKING
2026-07-26 23:47:12,407 | INFO | SCOOBA State -> READY
2026-07-26 23:47:12,407 | INFO | SCOOBA State -> LISTENING
2026-07-26 23:47:17,934 | INFO | SCOOBA State -> READY
2026-07-26 23:47:18,028 | INFO | SCOOBA State -> SPEAKING
2026-07-26 23:47:21,921 | INFO | SCOOBA State -> READY
2026-07-26 23:47:21,921 | INFO | SCOOBA State -> LISTENING
2026-07-26 23:47:26,909 | INFO | SCOOBA State -> READY
2026-07-26 23:47:26,915 | INFO | SCOOBA State -> SPEAKING
2026-07-26 23:47:31,210 | INFO | SCOOBA State -> READY
2026-07-26 23:47:31,211 | INFO | SCOOBA State -> LISTENING
2026-07-26 23:47:39,695 | INFO | SCOOBA State -> READY
2026-07-26 23:47:39,736 | INFO | SCOOBA State -> SPEAKING
2026-07-26 23:47:44,052 | INFO | SCOOBA State -> READY
2026-07-26 23:47:44,052 | INFO | SCOOBA State -> LISTENING
2026-07-26 23:47:52,132 | INFO | SCOOBA State -> READY
2026-07-26 23:47:52,132 | INFO | SCOOBA State -> SPEAKING
2026-07-26 23:47:55,012 | INFO | SCOOBA stopped.
2026-07-26 23:56:10,589 | INFO | SCOOBA State -> BOOTING
2026-07-26 23:56:10,589 | INFO | SCOOBA boot sequence started.
2026-07-26 23:56:10,589 | INFO | Starting registered services...
2026-07-26 23:56:10,589 | INFO | Starting Logger Service...
2026-07-26 23:56:10,589 | INFO | Logger Service Started
2026-07-26 23:56:10,590 | INFO | SCOOBA State -> SPEAKING
2026-07-26 23:56:14,295 | INFO | SCOOBA State -> READY
2026-07-26 23:56:14,297 | INFO | SCOOBA State -> LISTENING
2026-07-26 23:56:17,343 | INFO | SCOOBA State -> READY
2026-07-26 23:56:17,349 | INFO | SCOOBA State -> SPEAKING
2026-07-26 23:56:22,855 | INFO | SCOOBA State -> READY
2026-07-26 23:56:22,856 | INFO | SCOOBA State -> LISTENING
2026-07-26 23:56:25,887 | INFO | SCOOBA State -> READY
2026-07-26 23:56:25,893 | INFO | SCOOBA State -> SPEAKING
2026-07-26 23:56:29,817 | INFO | SCOOBA State -> READY
2026-07-26 23:56:29,818 | INFO | SCOOBA State -> LISTENING
2026-07-26 23:56:36,373 | INFO | SCOOBA State -> READY
2026-07-26 23:56:36,381 | INFO | SCOOBA State -> SPEAKING
2026-07-26 23:56:41,680 | INFO | SCOOBA State -> READY
2026-07-26 23:56:41,680 | INFO | SCOOBA State -> LISTENING
2026-07-26 23:56:46,202 | INFO | SCOOBA State -> READY
2026-07-26 23:56:46,208 | INFO | SCOOBA State -> SPEAKING
2026-07-26 23:56:49,829 | INFO | SCOOBA State -> READY
2026-07-26 23:56:49,830 | INFO | SCOOBA State -> LISTENING
2026-07-26 23:56:52,837 | INFO | SCOOBA State -> READY
2026-07-26 23:56:52,842 | INFO | SCOOBA State -> SPEAKING
2026-07-26 23:56:56,247 | INFO | SCOOBA State -> READY
2026-07-26 23:56:56,248 | INFO | SCOOBA State -> LISTENING
2026-07-26 23:56:59,761 | INFO | SCOOBA State -> READY
2026-07-26 23:56:59,766 | INFO | SCOOBA State -> SPEAKING
2026-07-26 23:57:06,559 | INFO | SCOOBA State -> READY
2026-07-26 23:57:06,559 | INFO | SCOOBA State -> LISTENING
2026-07-26 23:57:10,074 | INFO | SCOOBA State -> READY
2026-07-26 23:57:10,080 | INFO | SCOOBA State -> SPEAKING
2026-07-26 23:57:13,710 | INFO | SCOOBA State -> READY
2026-07-26 23:57:13,711 | INFO | SCOOBA State -> LISTENING
2026-07-26 23:57:18,255 | INFO | SCOOBA State -> READY
2026-07-26 23:57:18,263 | INFO | SCOOBA State -> SPEAKING
2026-07-26 23:57:22,817 | INFO | SCOOBA State -> READY
2026-07-26 23:57:22,817 | INFO | SCOOBA State -> LISTENING
2026-07-26 23:57:29,315 | INFO | SCOOBA State -> READY
2026-07-26 23:57:29,316 | INFO | SCOOBA State -> SPEAKING
2026-07-26 23:57:32,237 | INFO | SCOOBA stopped.
2026-07-26 23:57:50,347 | INFO | SCOOBA State -> BOOTING
2026-07-26 23:57:50,347 | INFO | SCOOBA boot sequence started.
2026-07-26 23:57:50,347 | INFO | Starting registered services...
2026-07-26 23:57:50,347 | INFO | Starting Logger Service...
2026-07-26 23:57:50,347 | INFO | Logger Service Started
2026-07-26 23:57:50,348 | INFO | SCOOBA State -> SPEAKING
2026-07-26 23:57:54,189 | INFO | SCOOBA State -> READY
2026-07-26 23:57:54,190 | INFO | SCOOBA State -> LISTENING
2026-07-26 23:57:56,708 | INFO | SCOOBA State -> READY
2026-07-26 23:57:56,718 | INFO | SCOOBA State -> SPEAKING
2026-07-26 23:58:00,211 | INFO | SCOOBA State -> READY
2026-07-26 23:58:00,211 | INFO | SCOOBA State -> LISTENING
2026-07-26 23:58:03,726 | INFO | SCOOBA State -> READY
2026-07-26 23:58:03,733 | INFO | SCOOBA State -> SPEAKING
2026-07-26 23:58:07,302 | INFO | SCOOBA State -> READY
2026-07-26 23:58:07,303 | INFO | SCOOBA State -> LISTENING
2026-07-26 23:58:14,309 | INFO | SCOOBA State -> READY
2026-07-26 23:58:14,314 | INFO | SCOOBA State -> SPEAKING
2026-07-26 23:58:18,179 | INFO | SCOOBA State -> READY
2026-07-26 23:58:18,180 | INFO | SCOOBA State -> LISTENING
2026-07-26 23:58:23,194 | INFO | SCOOBA State -> READY
2026-07-26 23:58:23,199 | INFO | SCOOBA State -> SPEAKING
2026-07-26 23:58:26,974 | INFO | SCOOBA State -> READY
2026-07-26 23:58:26,974 | INFO | SCOOBA State -> LISTENING
2026-07-26 23:58:31,470 | INFO | SCOOBA State -> READY
2026-07-26 23:58:31,476 | INFO | SCOOBA State -> SPEAKING
2026-07-26 23:58:35,538 | INFO | SCOOBA State -> READY
2026-07-26 23:58:35,539 | INFO | SCOOBA State -> LISTENING
2026-07-26 23:58:40,038 | INFO | SCOOBA State -> READY
2026-07-26 23:58:40,043 | INFO | SCOOBA State -> SPEAKING
2026-07-26 23:58:43,900 | INFO | SCOOBA State -> READY
2026-07-26 23:58:43,900 | INFO | SCOOBA State -> LISTENING
2026-07-26 23:58:48,428 | INFO | SCOOBA State -> READY
2026-07-26 23:58:48,433 | INFO | SCOOBA State -> SPEAKING
2026-07-26 23:58:52,050 | INFO | SCOOBA State -> READY
2026-07-26 23:58:52,050 | INFO | SCOOBA State -> LISTENING
2026-07-26 23:58:55,565 | INFO | SCOOBA State -> READY
2026-07-26 23:58:55,572 | INFO | SCOOBA State -> SPEAKING
2026-07-26 23:58:59,457 | INFO | SCOOBA State -> READY
2026-07-26 23:58:59,457 | INFO | SCOOBA State -> LISTENING
2026-07-26 23:59:04,970 | INFO | SCOOBA State -> READY
2026-07-26 23:59:04,976 | INFO | SCOOBA State -> SPEAKING
2026-07-26 23:59:08,310 | INFO | SCOOBA State -> READY
2026-07-26 23:59:08,310 | INFO | SCOOBA State -> LISTENING
2026-07-26 23:59:11,818 | INFO | SCOOBA State -> READY
2026-07-26 23:59:11,819 | INFO | SCOOBA State -> SPEAKING
2026-07-26 23:59:14,504 | INFO | SCOOBA stopped.
2026-07-27 00:04:10,465 | INFO | SCOOBA State -> BOOTING
2026-07-27 00:04:10,466 | INFO | SCOOBA boot sequence started.
2026-07-27 00:04:10,466 | INFO | Starting registered services...
2026-07-27 00:04:10,466 | INFO | Starting Logger Service...
2026-07-27 00:04:10,466 | INFO | Logger Service Started
2026-07-27 00:04:10,466 | INFO | SCOOBA State -> SPEAKING
2026-07-27 00:04:14,088 | INFO | SCOOBA State -> READY
2026-07-27 00:04:14,090 | INFO | SCOOBA State -> LISTENING
2026-07-27 00:04:18,554 | INFO | SCOOBA State -> READY
2026-07-27 00:04:18,559 | INFO | SCOOBA State -> SPEAKING
2026-07-27 00:04:24,027 | INFO | SCOOBA State -> READY
2026-07-27 00:04:24,027 | INFO | SCOOBA State -> LISTENING
2026-07-27 00:04:30,036 | INFO | SCOOBA State -> READY
2026-07-27 00:04:30,036 | INFO | SCOOBA State -> SPEAKING
2026-07-27 00:04:32,886 | INFO | SCOOBA stopped.
2026-07-27 00:07:33,722 | INFO | SCOOBA State -> BOOTING
2026-07-27 00:07:33,723 | INFO | SCOOBA boot sequence started.
2026-07-27 00:07:33,723 | INFO | Starting registered services...
2026-07-27 00:07:33,723 | INFO | Starting Logger Service...
2026-07-27 00:07:33,723 | INFO | Logger Service Started
2026-07-27 00:07:33,724 | INFO | SCOOBA State -> SPEAKING
2026-07-27 00:07:37,295 | INFO | SCOOBA State -> READY
2026-07-27 00:07:37,296 | INFO | SCOOBA State -> LISTENING
2026-07-27 00:07:39,791 | INFO | SCOOBA State -> READY
2026-07-27 00:07:39,798 | INFO | SCOOBA State -> SPEAKING
2026-07-27 00:07:43,426 | INFO | SCOOBA State -> READY
2026-07-27 00:07:43,427 | INFO | SCOOBA State -> LISTENING
2026-07-27 00:07:47,430 | INFO | SCOOBA State -> READY
2026-07-27 00:07:51,092 | INFO | SCOOBA State -> SPEAKING
2026-07-27 00:07:54,940 | INFO | SCOOBA State -> READY
2026-07-27 00:07:54,940 | INFO | SCOOBA State -> LISTENING
2026-07-27 00:07:58,940 | INFO | SCOOBA State -> READY
2026-07-27 00:07:59,124 | INFO | SCOOBA State -> SPEAKING
2026-07-27 00:08:04,493 | INFO | SCOOBA State -> READY
2026-07-27 00:08:04,493 | INFO | SCOOBA State -> LISTENING
2026-07-27 00:08:10,471 | INFO | SCOOBA State -> READY
2026-07-27 00:08:10,478 | INFO | SCOOBA State -> SPEAKING
2026-07-27 00:08:14,370 | INFO | SCOOBA State -> READY
2026-07-27 00:08:14,370 | INFO | SCOOBA State -> LISTENING
2026-07-27 00:08:17,890 | INFO | SCOOBA State -> READY
2026-07-27 00:08:17,894 | INFO | SCOOBA State -> SPEAKING
2026-07-27 00:08:21,772 | INFO | SCOOBA State -> READY
2026-07-27 00:08:21,773 | INFO | SCOOBA State -> LISTENING
2026-07-27 00:08:25,788 | INFO | SCOOBA State -> READY
2026-07-27 00:08:25,800 | INFO | SCOOBA State -> SPEAKING
2026-07-27 00:08:29,601 | INFO | SCOOBA State -> READY
2026-07-27 00:08:29,601 | INFO | SCOOBA State -> LISTENING
2026-07-27 00:08:36,089 | INFO | SCOOBA State -> READY
2026-07-27 00:08:36,126 | INFO | SCOOBA State -> SPEAKING
2026-07-27 00:08:40,060 | INFO | SCOOBA State -> READY
2026-07-27 00:08:40,060 | INFO | SCOOBA State -> LISTENING
2026-07-27 00:08:44,489 | INFO | SCOOBA State -> READY
2026-07-27 00:08:44,525 | INFO | SCOOBA State -> SPEAKING
2026-07-27 00:08:48,270 | INFO | SCOOBA State -> READY
2026-07-27 00:08:48,270 | INFO | SCOOBA State -> LISTENING
2026-07-27 00:08:53,189 | INFO | SCOOBA State -> READY
2026-07-27 00:08:53,219 | INFO | SCOOBA State -> SPEAKING
2026-07-27 00:08:58,895 | INFO | SCOOBA State -> READY
2026-07-27 00:08:58,895 | INFO | SCOOBA State -> LISTENING
2026-07-27 00:09:12,856 | INFO | SCOOBA State -> READY
2026-07-27 00:09:12,982 | INFO | SCOOBA State -> SPEAKING
2026-07-27 00:09:17,082 | INFO | SCOOBA State -> READY
2026-07-27 00:09:17,082 | INFO | SCOOBA State -> LISTENING
2026-07-27 00:09:24,061 | INFO | SCOOBA State -> READY
2026-07-27 00:09:26,863 | INFO | SCOOBA State -> SPEAKING
2026-07-27 00:09:30,601 | INFO | SCOOBA State -> READY
2026-07-27 00:09:30,601 | INFO | SCOOBA State -> LISTENING
2026-07-27 00:09:35,022 | INFO | SCOOBA State -> READY
2026-07-27 00:09:37,583 | INFO | SCOOBA State -> SPEAKING
2026-07-27 00:09:42,007 | INFO | SCOOBA State -> READY
2026-07-27 00:09:42,007 | INFO | SCOOBA State -> LISTENING
2026-07-27 00:09:47,434 | INFO | SCOOBA State -> READY
2026-07-27 00:09:47,440 | INFO | SCOOBA State -> SPEAKING
2026-07-27 00:09:50,834 | INFO | SCOOBA State -> READY
2026-07-27 00:09:50,835 | INFO | SCOOBA State -> LISTENING
2026-07-27 00:09:55,295 | INFO | SCOOBA State -> READY
2026-07-27 00:09:55,316 | INFO | SCOOBA State -> SPEAKING
2026-07-27 00:10:03,993 | INFO | SCOOBA State -> READY
2026-07-27 00:10:03,993 | INFO | SCOOBA State -> LISTENING
2026-07-27 00:10:10,918 | INFO | SCOOBA State -> READY
2026-07-27 00:10:10,924 | INFO | SCOOBA State -> SPEAKING
2026-07-27 00:10:14,427 | INFO | SCOOBA State -> READY
2026-07-27 00:10:14,428 | INFO | SCOOBA State -> LISTENING
2026-07-27 00:10:18,877 | INFO | SCOOBA State -> READY
2026-07-27 00:10:18,891 | INFO | SCOOBA State -> SPEAKING
2026-07-27 00:10:26,104 | INFO | SCOOBA State -> READY
2026-07-27 00:10:26,104 | INFO | SCOOBA State -> LISTENING
2026-07-27 00:10:31,056 | INFO | SCOOBA State -> READY
2026-07-27 00:10:31,070 | INFO | SCOOBA State -> SPEAKING
2026-07-27 00:10:36,719 | INFO | SCOOBA State -> READY
2026-07-27 00:10:36,719 | INFO | SCOOBA State -> LISTENING
2026-07-27 00:10:42,653 | INFO | SCOOBA State -> READY
2026-07-27 00:10:42,657 | INFO | SCOOBA State -> SPEAKING
2026-07-27 00:10:46,032 | INFO | SCOOBA State -> READY
2026-07-27 00:10:46,032 | INFO | SCOOBA State -> LISTENING
2026-07-27 00:10:49,982 | INFO | SCOOBA State -> READY
2026-07-27 00:10:49,990 | INFO | SCOOBA State -> SPEAKING
2026-07-27 00:10:53,697 | INFO | SCOOBA State -> READY
2026-07-27 00:10:53,698 | INFO | SCOOBA State -> LISTENING
2026-07-27 00:10:59,615 | INFO | SCOOBA State -> READY
2026-07-27 00:10:59,616 | INFO | SCOOBA State -> SPEAKING
2026-07-27 00:11:02,522 | INFO | SCOOBA stopped.
2026-07-27 00:26:23,492 | INFO | SCOOBA State -> BOOTING
2026-07-27 00:26:23,492 | INFO | SCOOBA boot sequence started.
2026-07-27 00:26:23,492 | INFO | Starting registered services...
2026-07-27 00:26:23,493 | INFO | Starting Logger Service...
2026-07-27 00:26:23,493 | INFO | Logger Service Started
2026-07-27 00:26:23,493 | INFO | SCOOBA State -> SPEAKING
2026-07-27 00:26:27,164 | INFO | SCOOBA State -> READY
2026-07-27 00:26:27,166 | INFO | SCOOBA State -> LISTENING
2026-07-27 00:26:31,628 | INFO | SCOOBA State -> READY
2026-07-27 00:26:31,635 | INFO | SCOOBA State -> SPEAKING
2026-07-27 00:26:35,198 | INFO | SCOOBA State -> READY
2026-07-27 00:26:35,199 | INFO | SCOOBA State -> LISTENING
2026-07-27 00:26:38,687 | INFO | SCOOBA State -> READY
2026-07-27 00:26:38,693 | INFO | SCOOBA State -> SPEAKING
2026-07-27 00:26:42,602 | INFO | SCOOBA State -> READY
2026-07-27 00:26:42,602 | INFO | SCOOBA State -> LISTENING
2026-07-27 00:26:47,075 | INFO | SCOOBA State -> READY
2026-07-27 00:26:47,191 | INFO | SCOOBA State -> SPEAKING
2026-07-27 00:26:51,054 | INFO | SCOOBA State -> READY
2026-07-27 00:26:51,054 | INFO | SCOOBA State -> LISTENING
2026-07-27 00:27:00,586 | INFO | SCOOBA State -> READY
2026-07-27 00:27:00,592 | INFO | SCOOBA State -> SPEAKING
2026-07-27 00:27:04,091 | INFO | SCOOBA State -> READY
2026-07-27 00:27:04,092 | INFO | SCOOBA State -> LISTENING
2026-07-27 00:27:07,641 | INFO | SCOOBA State -> READY
2026-07-27 00:27:07,651 | INFO | SCOOBA State -> SPEAKING
2026-07-27 00:27:11,111 | INFO | SCOOBA State -> READY
2026-07-27 00:27:11,111 | INFO | SCOOBA State -> LISTENING
2026-07-27 00:27:14,128 | INFO | SCOOBA State -> READY
2026-07-27 00:27:14,135 | INFO | SCOOBA State -> SPEAKING
2026-07-27 00:27:17,992 | INFO | SCOOBA State -> READY
2026-07-27 00:27:17,992 | INFO | SCOOBA State -> LISTENING
2026-07-27 00:27:22,042 | INFO | SCOOBA State -> READY
2026-07-27 00:27:22,066 | INFO | SCOOBA State -> SPEAKING
2026-07-27 00:27:26,053 | INFO | SCOOBA State -> READY
2026-07-27 00:27:26,054 | INFO | SCOOBA State -> LISTENING
2026-07-27 00:27:40,615 | INFO | SCOOBA State -> READY
2026-07-27 00:27:40,623 | INFO | SCOOBA State -> SPEAKING
2026-07-27 00:27:44,569 | INFO | SCOOBA State -> READY
2026-07-27 00:27:44,570 | INFO | SCOOBA State -> LISTENING
2026-07-27 00:27:48,511 | INFO | SCOOBA State -> READY
2026-07-27 00:27:48,532 | INFO | SCOOBA State -> SPEAKING
2026-07-27 00:27:52,500 | INFO | SCOOBA State -> READY
2026-07-27 00:27:52,501 | INFO | SCOOBA State -> LISTENING
2026-07-27 00:28:27,427 | INFO | SCOOBA interrupted by user.
